


ARM Macro Assembler    Page 1 


    1 00000000                 AREA             DATA, ALIGN=2
    2 00000000 00 00 00 
              00       amount  SPACE            4
    3 00000004                 EXPORT           amount
    4 00000004         ;---------------------------------------------
    5 00000004                 AREA             |.text|, CODE, READONLY, ALIGN=
2
    6 00000000                 THUMB
    7 00000000                 EXPORT           amountFunc
    8 00000000         
    9 00000000         amountFunc
   10 00000000 4902            LDR              R1,=amount
   11 00000002         ;LDR  R0,[R1]
   12 00000002 F04F 0059       MOV              R0,#89
   13 00000006 6008            STR              R0,[R1]
   14 00000008 4770            BX               LR
   15 0000000A         
   16 0000000A         
   17 0000000A 00 00           ALIGN
   18 0000000C                 END
              00000000 
Command Line: --debug --xref --diag_suppress=9931 --cpu=Cortex-M4.fp --apcs=int
erwork --depend=.\objects\function.d -o.\objects\function.o -I.\RTE\_Target_1 -
IC:\Keil_v5\ARM\PACK\ARM\CMSIS\5.4.0\CMSIS\Core\Include -IC:\Keil_v5\ARM\PACK\K
eil\STM32F4xx_DFP\2.13.0\Drivers\CMSIS\Device\ST\STM32F4xx\Include --predefine=
"__EVAL SETA 1" --predefine="__UVISION_VERSION SETA 525" --predefine="_RTE_ SET
A 1" --predefine="STM32F407xx SETA 1" --list=.\listings\function.lst function.s



ARM Macro Assembler    Page 1 Alphabetic symbol ordering
Relocatable symbols

DATA 00000000

Symbol: DATA
   Definitions
      At line 1 in file function.s
   Uses
      None
Comment: DATA unused
amount 00000000

Symbol: amount
   Definitions
      At line 2 in file function.s
   Uses
      At line 3 in file function.s
      At line 10 in file function.s

2 symbols



ARM Macro Assembler    Page 1 Alphabetic symbol ordering
Relocatable symbols

.text 00000000

Symbol: .text
   Definitions
      At line 5 in file function.s
   Uses
      None
Comment: .text unused
amountFunc 00000000

Symbol: amountFunc
   Definitions
      At line 9 in file function.s
   Uses
      At line 7 in file function.s
Comment: amountFunc used once
2 symbols
341 symbols in table
