


ARM Macro Assembler    Page 1 


    1 00000000         
    2 00000000        1 
                       VAL1    RN               R1
    3 00000000         ;NUM  EQU  0x144
    4 00000000        2 
                       VAL2    RN               R2
    5 00000000        3 
                       SUM     RN               R3
    6 00000000         
    7 00000000                 AREA             rn,CODE,READONLY,ALIGN=2
    8 00000000         
    9 00000000                 ENTRY
   10 00000000                 EXPORT           __main
   11 00000000         
   12 00000000         __main
   13 00000000 F04F 0125       MOV              VAL1,#0x25
   14 00000004 F04F 0222       MOV              VAL2,#0x22
   15 00000008         
   16 00000008 EB01 0302       ADD              SUM,VAL1,VAL2
   17 0000000C E7FE    STOP    B                STOP
   18 0000000E         
   19 0000000E                 END
Command Line: --debug --xref --diag_suppress=9931 --cpu=Cortex-M4.fp --apcs=int
erwork --depend=.\objects\main.d -o.\objects\main.o -I.\RTE\_Target_1 -IC:\Keil
_v5\ARM\PACK\ARM\CMSIS\5.4.0\CMSIS\Core\Include -IC:\Keil_v5\ARM\PACK\Keil\STM3
2F4xx_DFP\2.13.0\Drivers\CMSIS\Device\ST\STM32F4xx\Include --predefine="__EVAL 
SETA 1" --predefine="__MICROLIB SETA 1" --predefine="__UVISION_VERSION SETA 525
" --predefine="_RTE_ SETA 1" --predefine="STM32F407xx SETA 1" --list=.\listings
\main.lst main.s



ARM Macro Assembler    Page 1 Alphabetic symbol ordering
Relocatable symbols

STOP 0000000C

Symbol: STOP
   Definitions
      At line 17 in file main.s
   Uses
      At line 17 in file main.s
Comment: STOP used once
__main 00000000

Symbol: __main
   Definitions
      At line 12 in file main.s
   Uses
      At line 10 in file main.s
Comment: __main used once
rn 00000000

Symbol: rn
   Definitions
      At line 7 in file main.s
   Uses
      None
Comment: rn unused
3 symbols
342 symbols in table
