Archive member included to satisfy reference by file (symbol)

c:/ac6/systemworkbench/plugins/fr.ac6.mcu.externaltools.arm-none.win32_1.17.0.201812190825/tools/compiler/bin/../lib/gcc/arm-none-eabi/7.3.1/thumb/v7e-m/fpv4-sp/hard\libgcc.a(_aeabi_uldivmod.o)
                              Drivers/STM32F4xx_HAL_Driver/Src/stm32f4xx_hal_rcc.o (__aeabi_uldivmod)
c:/ac6/systemworkbench/plugins/fr.ac6.mcu.externaltools.arm-none.win32_1.17.0.201812190825/tools/compiler/bin/../lib/gcc/arm-none-eabi/7.3.1/thumb/v7e-m/fpv4-sp/hard\libgcc.a(_udivmoddi4.o)
                              c:/ac6/systemworkbench/plugins/fr.ac6.mcu.externaltools.arm-none.win32_1.17.0.201812190825/tools/compiler/bin/../lib/gcc/arm-none-eabi/7.3.1/thumb/v7e-m/fpv4-sp/hard\libgcc.a(_aeabi_uldivmod.o) (__udivmoddi4)
c:/ac6/systemworkbench/plugins/fr.ac6.mcu.externaltools.arm-none.win32_1.17.0.201812190825/tools/compiler/bin/../lib/gcc/arm-none-eabi/7.3.1/thumb/v7e-m/fpv4-sp/hard\libgcc.a(_dvmd_tls.o)
                              c:/ac6/systemworkbench/plugins/fr.ac6.mcu.externaltools.arm-none.win32_1.17.0.201812190825/tools/compiler/bin/../lib/gcc/arm-none-eabi/7.3.1/thumb/v7e-m/fpv4-sp/hard\libgcc.a(_aeabi_uldivmod.o) (__aeabi_ldiv0)
c:/ac6/systemworkbench/plugins/fr.ac6.mcu.externaltools.arm-none.win32_1.17.0.201812190825/tools/compiler/bin/../lib/gcc/arm-none-eabi/7.3.1/../../../../arm-none-eabi/lib/thumb/v7e-m/fpv4-sp/hard\libc_nano.a(lib_a-errno.o)
                              Src/syscalls.o (__errno)
c:/ac6/systemworkbench/plugins/fr.ac6.mcu.externaltools.arm-none.win32_1.17.0.201812190825/tools/compiler/bin/../lib/gcc/arm-none-eabi/7.3.1/../../../../arm-none-eabi/lib/thumb/v7e-m/fpv4-sp/hard\libc_nano.a(lib_a-exit.o)
                              c:/ac6/systemworkbench/plugins/fr.ac6.mcu.externaltools.arm-none.win32_1.17.0.201812190825/tools/compiler/bin/../lib/gcc/arm-none-eabi/7.3.1/../../../../arm-none-eabi/lib/thumb/v7e-m/fpv4-sp/hard/crt0.o (exit)
c:/ac6/systemworkbench/plugins/fr.ac6.mcu.externaltools.arm-none.win32_1.17.0.201812190825/tools/compiler/bin/../lib/gcc/arm-none-eabi/7.3.1/../../../../arm-none-eabi/lib/thumb/v7e-m/fpv4-sp/hard\libc_nano.a(lib_a-impure.o)
                              c:/ac6/systemworkbench/plugins/fr.ac6.mcu.externaltools.arm-none.win32_1.17.0.201812190825/tools/compiler/bin/../lib/gcc/arm-none-eabi/7.3.1/../../../../arm-none-eabi/lib/thumb/v7e-m/fpv4-sp/hard\libc_nano.a(lib_a-exit.o) (_global_impure_ptr)
c:/ac6/systemworkbench/plugins/fr.ac6.mcu.externaltools.arm-none.win32_1.17.0.201812190825/tools/compiler/bin/../lib/gcc/arm-none-eabi/7.3.1/../../../../arm-none-eabi/lib/thumb/v7e-m/fpv4-sp/hard\libc_nano.a(lib_a-init.o)
                              c:/ac6/systemworkbench/plugins/fr.ac6.mcu.externaltools.arm-none.win32_1.17.0.201812190825/tools/compiler/bin/../lib/gcc/arm-none-eabi/7.3.1/../../../../arm-none-eabi/lib/thumb/v7e-m/fpv4-sp/hard/crt0.o (__libc_init_array)
c:/ac6/systemworkbench/plugins/fr.ac6.mcu.externaltools.arm-none.win32_1.17.0.201812190825/tools/compiler/bin/../lib/gcc/arm-none-eabi/7.3.1/../../../../arm-none-eabi/lib/thumb/v7e-m/fpv4-sp/hard\libc_nano.a(lib_a-memset.o)
                              c:/ac6/systemworkbench/plugins/fr.ac6.mcu.externaltools.arm-none.win32_1.17.0.201812190825/tools/compiler/bin/../lib/gcc/arm-none-eabi/7.3.1/../../../../arm-none-eabi/lib/thumb/v7e-m/fpv4-sp/hard/crt0.o (memset)
c:/ac6/systemworkbench/plugins/fr.ac6.mcu.externaltools.arm-none.win32_1.17.0.201812190825/tools/compiler/bin/../lib/gcc/arm-none-eabi/7.3.1/../../../../arm-none-eabi/lib/thumb/v7e-m/fpv4-sp/hard\libc_nano.a(lib_a-strlen.o)
                              Src/main.o (strlen)

Allocating common symbols
Common symbol       size              file

uwTick              0x4               Drivers/STM32F4xx_HAL_Driver/Src/stm32f4xx_hal.o
pFlash              0x20              Drivers/STM32F4xx_HAL_Driver/Src/stm32f4xx_hal_flash.o
huart2              0x40              Src/main.o
hcan1               0x28              Src/main.o

Discarded input sections

 .text          0x00000000        0x0 c:/ac6/systemworkbench/plugins/fr.ac6.mcu.externaltools.arm-none.win32_1.17.0.201812190825/tools/compiler/bin/../lib/gcc/arm-none-eabi/7.3.1/thumb/v7e-m/fpv4-sp/hard/crti.o
 .data          0x00000000        0x0 c:/ac6/systemworkbench/plugins/fr.ac6.mcu.externaltools.arm-none.win32_1.17.0.201812190825/tools/compiler/bin/../lib/gcc/arm-none-eabi/7.3.1/thumb/v7e-m/fpv4-sp/hard/crti.o
 .bss           0x00000000        0x0 c:/ac6/systemworkbench/plugins/fr.ac6.mcu.externaltools.arm-none.win32_1.17.0.201812190825/tools/compiler/bin/../lib/gcc/arm-none-eabi/7.3.1/thumb/v7e-m/fpv4-sp/hard/crti.o
 .data          0x00000000        0x4 c:/ac6/systemworkbench/plugins/fr.ac6.mcu.externaltools.arm-none.win32_1.17.0.201812190825/tools/compiler/bin/../lib/gcc/arm-none-eabi/7.3.1/thumb/v7e-m/fpv4-sp/hard/crtbegin.o
[...]
Memory Configuration

Name             Origin             Length             Attributes
RAM              0x20000000         0x00020000         xrw
CCMRAM           0x10000000         0x00010000         rw
FLASH            0x08000000         0x00100000         xr
*default*        0x00000000         0xffffffff

Linker script and memory map

LOAD c:/ac6/systemworkbench/plugins/fr.ac6.mcu.externaltools.arm-none.win32_1.17.0.201812190825/tools/compiler/bin/../lib/gcc/arm-none-eabi/7.3.1/thumb/v7e-m/fpv4-sp/hard/crti.o
LOAD c:/ac6/systemworkbench/plugins/fr.ac6.mcu.externaltools.arm-none.win32_1.17.0.201812190825/tools/compiler/bin/../lib/gcc/arm-none-eabi/7.3.1/thumb/v7e-m/fpv4-sp/hard/crtbegin.o
LOAD c:/ac6/systemworkbench/plugins/fr.ac6.mcu.externaltools.arm-none.win32_1.17.0.201812190825/tools/compiler/bin/../lib/gcc/arm-none-eabi/7.3.1/../../../../arm-none-eabi/lib/thumb/v7e-m/fpv4-sp/hard/crt0.o
LOAD Drivers/STM32F4xx_HAL_Driver/Src/stm32f4xx_hal.o
LOAD Drivers/STM32F4xx_HAL_Driver/Src/stm32f4xx_hal_can.o
LOAD Drivers/STM32F4xx_HAL_Driver/Src/stm32f4xx_hal_cortex.o
LOAD Drivers/STM32F4xx_HAL_Driver/Src/stm32f4xx_hal_dma.o
LOAD Drivers/STM32F4xx_HAL_Driver/Src/stm32f4xx_hal_dma_ex.o
LOAD Drivers/STM32F4xx_HAL_Driver/Src/stm32f4xx_hal_exti.o
LOAD Drivers/STM32F4xx_HAL_Driver/Src/stm32f4xx_hal_flash.o
LOAD Drivers/STM32F4xx_HAL_Driver/Src/stm32f4xx_hal_flash_ex.o
LOAD Drivers/STM32F4xx_HAL_Driver/Src/stm32f4xx_hal_flash_ramfunc.o
LOAD Drivers/STM32F4xx_HAL_Driver/Src/stm32f4xx_hal_gpio.o
LOAD Drivers/STM32F4xx_HAL_Driver/Src/stm32f4xx_hal_pwr.o
LOAD Drivers/STM32F4xx_HAL_Driver/Src/stm32f4xx_hal_pwr_ex.o
LOAD Drivers/STM32F4xx_HAL_Driver/Src/stm32f4xx_hal_rcc.o
LOAD Drivers/STM32F4xx_HAL_Driver/Src/stm32f4xx_hal_rcc_ex.o
LOAD Drivers/STM32F4xx_HAL_Driver/Src/stm32f4xx_hal_tim.o
LOAD Drivers/STM32F4xx_HAL_Driver/Src/stm32f4xx_hal_tim_ex.o
LOAD Drivers/STM32F4xx_HAL_Driver/Src/stm32f4xx_hal_uart.o
LOAD Src/it.o
LOAD Src/main.o
LOAD Src/msp.o
LOAD Src/syscalls.o
LOAD Src/system_stm32f4xx.o
LOAD startup/startup_stm32f407xx.o
LOAD c:/ac6/systemworkbench/plugins/fr.ac6.mcu.externaltools.arm-none.win32_1.17.0.201812190825/tools/compiler/bin/../lib/gcc/arm-none-eabi/7.3.1/../../../../arm-none-eabi/lib/thumb/v7e-m/fpv4-sp/hard\libm.a
START GROUP
LOAD c:/ac6/systemworkbench/plugins/fr.ac6.mcu.externaltools.arm-none.win32_1.17.0.201812190825/tools/compiler/bin/../lib/gcc/arm-none-eabi/7.3.1/thumb/v7e-m/fpv4-sp/hard\libgcc.a
LOAD c:/ac6/systemworkbench/plugins/fr.ac6.mcu.externaltools.arm-none.win32_1.17.0.201812190825/tools/compiler/bin/../lib/gcc/arm-none-eabi/7.3.1/../../../../arm-none-eabi/lib/thumb/v7e-m/fpv4-sp/hard\libc_nano.a
END GROUP
START GROUP
LOAD c:/ac6/systemworkbench/plugins/fr.ac6.mcu.externaltools.arm-none.win32_1.17.0.201812190825/tools/compiler/bin/../lib/gcc/arm-none-eabi/7.3.1/thumb/v7e-m/fpv4-sp/hard\libgcc.a
LOAD c:/ac6/systemworkbench/plugins/fr.ac6.mcu.externaltools.arm-none.win32_1.17.0.201812190825/tools/compiler/bin/../lib/gcc/arm-none-eabi/7.3.1/../../../../arm-none-eabi/lib/thumb/v7e-m/fpv4-sp/hard\libc_nano.a
LOAD c:/ac6/systemworkbench/plugins/fr.ac6.mcu.externaltools.arm-none.win32_1.17.0.201812190825/tools/compiler/bin/../lib/gcc/arm-none-eabi/7.3.1/../../../../arm-none-eabi/lib/thumb/v7e-m/fpv4-sp/hard\libnosys.a
END GROUP
START GROUP
LOAD c:/ac6/systemworkbench/plugins/fr.ac6.mcu.externaltools.arm-none.win32_1.17.0.201812190825/tools/compiler/bin/../lib/gcc/arm-none-eabi/7.3.1/thumb/v7e-m/fpv4-sp/hard\libgcc.a
LOAD c:/ac6/systemworkbench/plugins/fr.ac6.mcu.externaltools.arm-none.win32_1.17.0.201812190825/tools/compiler/bin/../lib/gcc/arm-none-eabi/7.3.1/../../../../arm-none-eabi/lib/thumb/v7e-m/fpv4-sp/hard\libc_nano.a
LOAD c:/ac6/systemworkbench/plugins/fr.ac6.mcu.externaltools.arm-none.win32_1.17.0.201812190825/tools/compiler/bin/../lib/gcc/arm-none-eabi/7.3.1/../../../../arm-none-eabi/lib/thumb/v7e-m/fpv4-sp/hard\libnosys.a
END GROUP
LOAD c:/ac6/systemworkbench/plugins/fr.ac6.mcu.externaltools.arm-none.win32_1.17.0.201812190825/tools/compiler/bin/../lib/gcc/arm-none-eabi/7.3.1/thumb/v7e-m/fpv4-sp/hard/crtend.o
LOAD c:/ac6/systemworkbench/plugins/fr.ac6.mcu.externaltools.arm-none.win32_1.17.0.201812190825/tools/compiler/bin/../lib/gcc/arm-none-eabi/7.3.1/thumb/v7e-m/fpv4-sp/hard/crtn.o
                0x20020000                _estack = 0x20020000
                0x00000200                _Min_Heap_Size = 0x200
                0x00000400                _Min_Stack_Size = 0x400

.isr_vector     0x08000000      0x188
                0x08000000                . = ALIGN (0x4)
 *(.isr_vector)
 .isr_vector    0x08000000      0x188 startup/startup_stm32f407xx.o
                0x08000000                g_pfnVectors
                0x08000188                . = ALIGN (0x4)

.text           0x08000188     0x18b4
                0x08000188                . = ALIGN (0x4)
 *(.text)
 .text          0x08000188       0x40 c:/ac6/systemworkbench/plugins/fr.ac6.mcu.externaltools.arm-none.win32_1.17.0.201812190825/tools/compiler/bin/../lib/gcc/arm-none-eabi/7.3.1/thumb/v7e-m/fpv4-sp/hard/crtbegin.o
 .text          0x080001c8       0x30 c:/ac6/systemworkbench/plugins/fr.ac6.mcu.externaltools.arm-none.win32_1.17.0.201812190825/tools/compiler/bin/../lib/gcc/arm-none-eabi/7.3.1/thumb/v7e-m/fpv4-sp/hard\libgcc.a(_aeabi_uldivmod.o)
                0x080001c8                __aeabi_uldivmod
 .text          0x080001f8      0x2cc c:/ac6/systemworkbench/plugins/fr.ac6.mcu.externaltools.arm-none.win32_1.17.0.201812190825/tools/compiler/bin/../lib/gcc/arm-none-eabi/7.3.1/thumb/v7e-m/fpv4-sp/hard\libgcc.a(_udivmoddi4.o)
                0x080001f8                __udivmoddi4
 .text          0x080004c4        0x4 c:/ac6/systemworkbench/plugins/fr.ac6.mcu.externaltools.arm-none.win32_1.17.0.201812190825/tools/compiler/bin/../lib/gcc/arm-none-eabi/7.3.1/thumb/v7e-m/fpv4-sp/hard\libgcc.a(_dvmd_tls.o)
                0x080004c4                __aeabi_idiv0
                0x080004c4                __aeabi_ldiv0
 .text          0x080004c8       0x10 c:/ac6/systemworkbench/plugins/fr.ac6.mcu.externaltools.arm-none.win32_1.17.0.201812190825/tools/compiler/bin/../lib/gcc/arm-none-eabi/7.3.1/../../../../arm-none-eabi/lib/thumb/v7e-m/fpv4-sp/hard\libc_nano.a(lib_a-strlen.o)
                0x080004c8                strlen
 *(.text*)
 .text.HAL_InitTick
                0x080004d8       0x48 Drivers/STM32F4xx_HAL_Driver/Src/stm32f4xx_hal.o
                0x080004d8                HAL_InitTick
 .text.HAL_Init
                0x08000520       0x34 Drivers/STM32F4xx_HAL_Driver/Src/stm32f4xx_hal.o
                0x08000520                HAL_Init
 .text.HAL_IncTick
                0x08000554       0x18 Drivers/STM32F4xx_HAL_Driver/Src/stm32f4xx_hal.o
                0x08000554                HAL_IncTick
 .text.HAL_GetTick
                0x0800056c        0xc Drivers/STM32F4xx_HAL_Driver/Src/stm32f4xx_hal.o
                0x0800056c                HAL_GetTick
 .text.HAL_CAN_Init
                0x08000578      0x14c Drivers/STM32F4xx_HAL_Driver/Src/stm32f4xx_hal_can.o
                0x08000578                HAL_CAN_Init
 .text.HAL_CAN_Start
                0x080006c4       0x5c Drivers/STM32F4xx_HAL_Driver/Src/stm32f4xx_hal_can.o
                0x080006c4                HAL_CAN_Start
 .text.HAL_CAN_AddTxMessage
                0x08000720       0xea Drivers/STM32F4xx_HAL_Driver/Src/stm32f4xx_hal_can.o
                0x08000720                HAL_CAN_AddTxMessage
 .text.HAL_CAN_IsTxMessagePending
                0x0800080a       0x24 Drivers/STM32F4xx_HAL_Driver/Src/stm32f4xx_hal_can.o
                0x0800080a                HAL_CAN_IsTxMessagePending
 *fill*         0x0800082e        0x2 
 .text.HAL_NVIC_SetPriorityGrouping
                0x08000830       0x24 Drivers/STM32F4xx_HAL_Driver/Src/stm32f4xx_hal_cortex.o
                0x08000830                HAL_NVIC_SetPriorityGrouping
 .text.HAL_NVIC_SetPriority
                0x08000854       0x68 Drivers/STM32F4xx_HAL_Driver/Src/stm32f4xx_hal_cortex.o
                0x08000854                HAL_NVIC_SetPriority
 .text.HAL_NVIC_EnableIRQ
                0x080008bc       0x1c Drivers/STM32F4xx_HAL_Driver/Src/stm32f4xx_hal_cortex.o
                0x080008bc                HAL_NVIC_EnableIRQ
 .text.HAL_SYSTICK_Config
                0x080008d8       0x2c Drivers/STM32F4xx_HAL_Driver/Src/stm32f4xx_hal_cortex.o
                0x080008d8                HAL_SYSTICK_Config
 .text.HAL_SYSTICK_CLKSourceConfig
                0x08000904       0x20 Drivers/STM32F4xx_HAL_Driver/Src/stm32f4xx_hal_cortex.o
                0x08000904                HAL_SYSTICK_CLKSourceConfig
 .text.HAL_SYSTICK_Callback
                0x08000924        0x2 Drivers/STM32F4xx_HAL_Driver/Src/stm32f4xx_hal_cortex.o
                0x08000924                HAL_SYSTICK_Callback
 .text.HAL_SYSTICK_IRQHandler
                0x08000926        0x8 Drivers/STM32F4xx_HAL_Driver/Src/stm32f4xx_hal_cortex.o
                0x08000926                HAL_SYSTICK_IRQHandler
 *fill*         0x0800092e        0x2 
 .text.HAL_GPIO_Init
                0x08000930      0x1c8 Drivers/STM32F4xx_HAL_Driver/Src/stm32f4xx_hal_gpio.o
                0x08000930                HAL_GPIO_Init
 .text.HAL_RCC_OscConfig
                0x08000af8      0x398 Drivers/STM32F4xx_HAL_Driver/Src/stm32f4xx_hal_rcc.o
                0x08000af8                HAL_RCC_OscConfig
 .text.HAL_RCC_GetSysClockFreq
                0x08000e90       0xd8 Drivers/STM32F4xx_HAL_Driver/Src/stm32f4xx_hal_rcc.o
                0x08000e90                HAL_RCC_GetSysClockFreq
 .text.HAL_RCC_ClockConfig
                0x08000f68      0x158 Drivers/STM32F4xx_HAL_Driver/Src/stm32f4xx_hal_rcc.o
                0x08000f68                HAL_RCC_ClockConfig
 .text.HAL_RCC_GetHCLKFreq
                0x080010c0        0xc Drivers/STM32F4xx_HAL_Driver/Src/stm32f4xx_hal_rcc.o
                0x080010c0                HAL_RCC_GetHCLKFreq
 .text.HAL_RCC_GetPCLK1Freq
                0x080010cc       0x20 Drivers/STM32F4xx_HAL_Driver/Src/stm32f4xx_hal_rcc.o
                0x080010cc                HAL_RCC_GetPCLK1Freq
 .text.HAL_RCC_GetPCLK2Freq
                0x080010ec       0x20 Drivers/STM32F4xx_HAL_Driver/Src/stm32f4xx_hal_rcc.o
                0x080010ec                HAL_RCC_GetPCLK2Freq
 .text.UART_SetConfig
                0x0800110c      0x334 Drivers/STM32F4xx_HAL_Driver/Src/stm32f4xx_hal_uart.o
 .text.UART_WaitOnFlagUntilTimeout
                0x08001440       0x62 Drivers/STM32F4xx_HAL_Driver/Src/stm32f4xx_hal_uart.o
 .text.HAL_UART_Init
                0x080014a2       0x5e Drivers/STM32F4xx_HAL_Driver/Src/stm32f4xx_hal_uart.o
                0x080014a2                HAL_UART_Init
 .text.HAL_UART_Transmit
                0x08001500       0xe0 Drivers/STM32F4xx_HAL_Driver/Src/stm32f4xx_hal_uart.o
                0x08001500                HAL_UART_Transmit
 .text.SysTick_Handler
                0x080015e0        0xc Src/it.o
                0x080015e0                SysTick_Handler
 .text.GPIO_Init
                0x080015ec       0x3c Src/main.o
                0x080015ec                GPIO_Init
 .text.Error_Handler
                0x08001628        0x2 Src/main.o
                0x08001628                Error_Handler
 *fill*         0x0800162a        0x2 
 .text.SystemClockConfig
                0x0800162c       0xf8 Src/main.o
                0x0800162c                SystemClockConfig
 .text.UART2_Init
                0x08001724       0x30 Src/main.o
                0x08001724                UART2_Init
 .text.CAN1_Init
                0x08001754       0x40 Src/main.o
                0x08001754                CAN1_Init
 .text.Can1_Txn
                0x08001794       0x78 Src/main.o
                0x08001794                Can1_Txn
 .text.main     0x0800180c       0x28 Src/main.o
                0x0800180c                main
 .text.HAL_MspInit
                0x08001834       0x3c Src/msp.o
                0x08001834                HAL_MspInit
 .text.HAL_CAN_MspInit
                0x08001870       0x58 Src/msp.o
                0x08001870                HAL_CAN_MspInit
 .text.HAL_UART_MspInit
                0x080018c8       0x74 Src/msp.o
                0x080018c8                HAL_UART_MspInit
 .text.SystemInit
                0x0800193c       0x4c Src/system_stm32f4xx.o
                0x0800193c                SystemInit
 .text.Reset_Handler
                0x08001988       0x50 startup/startup_stm32f407xx.o
                0x08001988                Reset_Handler
 .text.Default_Handler
                0x080019d8        0x2 startup/startup_stm32f407xx.o
                0x080019d8                RTC_Alarm_IRQHandler
                0x080019d8                HASH_RNG_IRQHandler
                0x080019d8                EXTI2_IRQHandler
                0x080019d8                TIM8_CC_IRQHandler
                0x080019d8                DebugMon_Handler
                0x080019d8                TIM1_CC_IRQHandler
                0x080019d8                DMA2_Stream5_IRQHandler
                0x080019d8                HardFault_Handler
                0x080019d8                DMA1_Stream5_IRQHandler
                0x080019d8                PVD_IRQHandler
                0x080019d8                SDIO_IRQHandler
                0x080019d8                TAMP_STAMP_IRQHandler
                0x080019d8                PendSV_Handler
                0x080019d8                NMI_Handler
                0x080019d8                CAN2_RX1_IRQHandler
                0x080019d8                EXTI3_IRQHandler
                0x080019d8                TIM8_TRG_COM_TIM14_IRQHandler
                0x080019d8                TIM1_UP_TIM10_IRQHandler
                0x080019d8                TIM8_UP_TIM13_IRQHandler
                0x080019d8                I2C3_ER_IRQHandler
                0x080019d8                EXTI0_IRQHandler
                0x080019d8                I2C2_EV_IRQHandler
                0x080019d8                DMA1_Stream2_IRQHandler
                0x080019d8                CAN1_RX0_IRQHandler
                0x080019d8                FPU_IRQHandler
                0x080019d8                OTG_HS_WKUP_IRQHandler
                0x080019d8                UsageFault_Handler
                0x080019d8                CAN2_SCE_IRQHandler
                0x080019d8                DMA2_Stream2_IRQHandler
                0x080019d8                SPI1_IRQHandler
                0x080019d8                TIM6_DAC_IRQHandler
                0x080019d8                TIM1_BRK_TIM9_IRQHandler
                0x080019d8                DCMI_IRQHandler
                0x080019d8                CAN2_RX0_IRQHandler
                0x080019d8                DMA2_Stream3_IRQHandler
                0x080019d8                USART6_IRQHandler
                0x080019d8                USART3_IRQHandler
                0x080019d8                CAN1_RX1_IRQHandler
                0x080019d8                UART5_IRQHandler
                0x080019d8                DMA2_Stream0_IRQHandler
                0x080019d8                TIM4_IRQHandler
                0x080019d8                I2C1_EV_IRQHandler
                0x080019d8                DMA1_Stream6_IRQHandler
                0x080019d8                DMA1_Stream1_IRQHandler
                0x080019d8                UART4_IRQHandler
                0x080019d8                TIM3_IRQHandler
                0x080019d8                RCC_IRQHandler
                0x080019d8                TIM8_BRK_TIM12_IRQHandler
                0x080019d8                Default_Handler
                0x080019d8                EXTI15_10_IRQHandler
                0x080019d8                ADC_IRQHandler
                0x080019d8                DMA1_Stream7_IRQHandler
                0x080019d8                TIM7_IRQHandler
                0x080019d8                CAN2_TX_IRQHandler
                0x080019d8                TIM5_IRQHandler
                0x080019d8                DMA2_Stream7_IRQHandler
                0x080019d8                I2C3_EV_IRQHandler
                0x080019d8                EXTI9_5_IRQHandler
                0x080019d8                RTC_WKUP_IRQHandler
                0x080019d8                ETH_WKUP_IRQHandler
                0x080019d8                SPI2_IRQHandler
                0x080019d8                OTG_HS_EP1_IN_IRQHandler
                0x080019d8                MemManage_Handler
                0x080019d8                DMA1_Stream0_IRQHandler
                0x080019d8                CAN1_TX_IRQHandler
                0x080019d8                SVC_Handler
                0x080019d8                EXTI4_IRQHandler
                0x080019d8                FSMC_IRQHandler
                0x080019d8                ETH_IRQHandler
                0x080019d8                OTG_HS_EP1_OUT_IRQHandler
                0x080019d8                WWDG_IRQHandler
                0x080019d8                TIM2_IRQHandler
                0x080019d8                OTG_FS_WKUP_IRQHandler
                0x080019d8                TIM1_TRG_COM_TIM11_IRQHandler
                0x080019d8                OTG_HS_IRQHandler
                0x080019d8                EXTI1_IRQHandler
                0x080019d8                USART2_IRQHandler
                0x080019d8                I2C2_ER_IRQHandler
                0x080019d8                DMA2_Stream1_IRQHandler
                0x080019d8                CAN1_SCE_IRQHandler
                0x080019d8                FLASH_IRQHandler
                0x080019d8                DMA2_Stream4_IRQHandler
                0x080019d8                BusFault_Handler
                0x080019d8                USART1_IRQHandler
                0x080019d8                OTG_FS_IRQHandler
                0x080019d8                SPI3_IRQHandler
                0x080019d8                DMA1_Stream4_IRQHandler
                0x080019d8                I2C1_ER_IRQHandler
                0x080019d8                DMA2_Stream6_IRQHandler
                0x080019d8                DMA1_Stream3_IRQHandler
 *fill*         0x080019da        0x2 
 .text.__libc_init_array
                0x080019dc       0x48 c:/ac6/systemworkbench/plugins/fr.ac6.mcu.externaltools.arm-none.win32_1.17.0.201812190825/tools/compiler/bin/../lib/gcc/arm-none-eabi/7.3.1/../../../../arm-none-eabi/lib/thumb/v7e-m/fpv4-sp/hard\libc_nano.a(lib_a-init.o)
                0x080019dc                __libc_init_array
 *(.glue_7)
 .glue_7        0x08001a24        0x0 linker stubs
 *(.glue_7t)
 .glue_7t       0x08001a24        0x0 linker stubs
 *(.eh_frame)
 .eh_frame      0x08001a24        0x0 c:/ac6/systemworkbench/plugins/fr.ac6.mcu.externaltools.arm-none.win32_1.17.0.201812190825/tools/compiler/bin/../lib/gcc/arm-none-eabi/7.3.1/thumb/v7e-m/fpv4-sp/hard/crtbegin.o
 *(.init)
 .init          0x08001a24        0x4 c:/ac6/systemworkbench/plugins/fr.ac6.mcu.externaltools.arm-none.win32_1.17.0.201812190825/tools/compiler/bin/../lib/gcc/arm-none-eabi/7.3.1/thumb/v7e-m/fpv4-sp/hard/crti.o
                0x08001a24                _init
 .init          0x08001a28        0x8 c:/ac6/systemworkbench/plugins/fr.ac6.mcu.externaltools.arm-none.win32_1.17.0.201812190825/tools/compiler/bin/../lib/gcc/arm-none-eabi/7.3.1/thumb/v7e-m/fpv4-sp/hard/crtn.o
 *(.fini)
 .fini          0x08001a30        0x4 c:/ac6/systemworkbench/plugins/fr.ac6.mcu.externaltools.arm-none.win32_1.17.0.201812190825/tools/compiler/bin/../lib/gcc/arm-none-eabi/7.3.1/thumb/v7e-m/fpv4-sp/hard/crti.o
                0x08001a30                _fini
 .fini          0x08001a34        0x8 c:/ac6/systemworkbench/plugins/fr.ac6.mcu.externaltools.arm-none.win32_1.17.0.201812190825/tools/compiler/bin/../lib/gcc/arm-none-eabi/7.3.1/thumb/v7e-m/fpv4-sp/hard/crtn.o
                0x08001a3c                . = ALIGN (0x4)
                0x08001a3c                _etext = .

.vfp11_veneer   0x08001a3c        0x0
 .vfp11_veneer  0x08001a3c        0x0 linker stubs

.v4_bx          0x08001a3c        0x0
 .v4_bx         0x08001a3c        0x0 linker stubs

.iplt           0x08001a3c        0x0
 .iplt          0x08001a3c        0x0 c:/ac6/systemworkbench/plugins/fr.ac6.mcu.externaltools.arm-none.win32_1.17.0.201812190825/tools/compiler/bin/../lib/gcc/arm-none-eabi/7.3.1/thumb/v7e-m/fpv4-sp/hard/crtbegin.o

.rodata         0x08001a3c       0x38
                0x08001a3c                . = ALIGN (0x4)
 *(.rodata)
 .rodata        0x08001a3c        0x5 Src/main.o
 *fill*         0x08001a41        0x3 
 .rodata        0x08001a44       0x18 Src/system_stm32f4xx.o
                0x08001a44                AHBPrescTable
                0x08001a54                APBPrescTable
 *(.rodata*)
 .rodata.str1.4
                0x08001a5c       0x18 Src/main.o
                                 0x15 (size before relaxing)
                0x08001a74                . = ALIGN (0x4)

.ARM.extab
 *(.ARM.extab* .gnu.linkonce.armextab.*)

.ARM            0x08001a74        0x8
                0x08001a74                __exidx_start = .
 *(.ARM.exidx*)
 .ARM.exidx     0x08001a74        0x8 c:/ac6/systemworkbench/plugins/fr.ac6.mcu.externaltools.arm-none.win32_1.17.0.201812190825/tools/compiler/bin/../lib/gcc/arm-none-eabi/7.3.1/thumb/v7e-m/fpv4-sp/hard\libgcc.a(_udivmoddi4.o)
                0x08001a7c                __exidx_end = .

.rel.dyn        0x08001a7c        0x0
 .rel.iplt      0x08001a7c        0x0 c:/ac6/systemworkbench/plugins/fr.ac6.mcu.externaltools.arm-none.win32_1.17.0.201812190825/tools/compiler/bin/../lib/gcc/arm-none-eabi/7.3.1/thumb/v7e-m/fpv4-sp/hard/crtbegin.o

.preinit_array  0x08001a7c        0x0
                0x08001a7c                PROVIDE (__preinit_array_start = .)
 *(.preinit_array*)
                0x08001a7c                PROVIDE (__preinit_array_end = .)

.init_array     0x08001a7c        0x4
                0x08001a7c                PROVIDE (__init_array_start = .)
 *(SORT_BY_NAME(.init_array.*))
 *(.init_array*)
 .init_array    0x08001a7c        0x4 c:/ac6/systemworkbench/plugins/fr.ac6.mcu.externaltools.arm-none.win32_1.17.0.201812190825/tools/compiler/bin/../lib/gcc/arm-none-eabi/7.3.1/thumb/v7e-m/fpv4-sp/hard/crtbegin.o
                0x08001a80                PROVIDE (__init_array_end = .)

.fini_array     0x08001a80        0x4
                [!provide]                PROVIDE (__fini_array_start = .)
 *(SORT_BY_NAME(.fini_array.*))
 *(.fini_array*)
 .fini_array    0x08001a80        0x4 c:/ac6/systemworkbench/plugins/fr.ac6.mcu.externaltools.arm-none.win32_1.17.0.201812190825/tools/compiler/bin/../lib/gcc/arm-none-eabi/7.3.1/thumb/v7e-m/fpv4-sp/hard/crtbegin.o
                [!provide]                PROVIDE (__fini_array_end = .)
                0x08001a84                _sidata = LOADADDR (.data)

.data           0x20000000        0xc load address 0x08001a84
                0x20000000                . = ALIGN (0x4)
                0x20000000                _sdata = .
 *(.data)
 .data          0x20000000        0x8 Drivers/STM32F4xx_HAL_Driver/Src/stm32f4xx_hal.o
                0x20000000                uwTickFreq
                0x20000004                uwTickPrio
 .data          0x20000008        0x4 Src/system_stm32f4xx.o
                0x20000008                SystemCoreClock
 *(.data*)
                0x2000000c                . = ALIGN (0x4)
                0x2000000c                _edata = .
                0x08001a90                _siccmram = LOADADDR (.ccmram)

.igot.plt       0x2000000c        0x0 load address 0x08001a90
 .igot.plt      0x2000000c        0x0 c:/ac6/systemworkbench/plugins/fr.ac6.mcu.externaltools.arm-none.win32_1.17.0.201812190825/tools/compiler/bin/../lib/gcc/arm-none-eabi/7.3.1/thumb/v7e-m/fpv4-sp/hard/crtbegin.o

.ccmram         0x10000000        0x0 load address 0x08001a90
                0x10000000                . = ALIGN (0x4)
                0x10000000                _sccmram = .
 *(.ccmram)
 *(.ccmram*)
                0x10000000                . = ALIGN (0x4)
                0x10000000                _eccmram = .
                0x10000000                . = ALIGN (0x4)

.bss            0x2000000c       0x88
                0x2000000c                _sbss = .
                0x2000000c                __bss_start__ = _sbss
 *(.bss)
 .bss           0x2000000c       0x1c c:/ac6/systemworkbench/plugins/fr.ac6.mcu.externaltools.arm-none.win32_1.17.0.201812190825/tools/compiler/bin/../lib/gcc/arm-none-eabi/7.3.1/thumb/v7e-m/fpv4-sp/hard/crtbegin.o
 *(.bss*)
 *(COMMON)
 COMMON         0x20000028        0x4 Drivers/STM32F4xx_HAL_Driver/Src/stm32f4xx_hal.o
                0x20000028                uwTick
 COMMON         0x2000002c       0x68 Src/main.o
                0x2000002c                huart2
                0x2000006c                hcan1
                0x20000094                . = ALIGN (0x4)
                0x20000094                _ebss = .
                0x20000094                __bss_end__ = _ebss

._user_heap_stack
                0x20000094      0x604
                0x20000098                . = ALIGN (0x8)
 *fill*         0x20000094        0x4 
                0x20000098                PROVIDE (end = .)
                [!provide]                PROVIDE (_end = .)
                0x20000298                . = (. + _Min_Heap_Size)
 *fill*         0x20000098      0x200 
                0x20000698                . = (. + _Min_Stack_Size)
 *fill*         0x20000298      0x400 
                0x20000698                . = ALIGN (0x8)

/DISCARD/
 libc.a(*)
 libm.a(*)
 libgcc.a(*)

.ARM.attributes
                0x00000000       0x30
 *(.ARM.attributes)
 .ARM.attributes
                0x00000000       0x22 c:/ac6/systemworkbench/plugins/fr.ac6.mcu.externaltools.arm-none.win32_1.17.0.201812190825/tools/compiler/bin/../lib/gcc/arm-none-eabi/7.3.1/thumb/v7e-m/fpv4-sp/hard/crti.o
 .ARM.attributes
                0x00000022       0x34 c:/ac6/systemworkbench/plugins/fr.ac6.mcu.externaltools.arm-none.win32_1.17.0.201812190825/tools/compiler/bin/../lib/gcc/arm-none-eabi/7.3.1/thumb/v7e-m/fpv4-sp/hard/crtbegin.o
 .ARM.attributes
                0x00000056       0x39 Drivers/STM32F4xx_HAL_Driver/Src/stm32f4xx_hal.o
 .ARM.attributes
                0x0000008f       0x39 Drivers/STM32F4xx_HAL_Driver/Src/stm32f4xx_hal_can.o
 .ARM.attributes
                0x000000c8       0x39 Drivers/STM32F4xx_HAL_Driver/Src/stm32f4xx_hal_cortex.o
 .ARM.attributes
                0x00000101       0x39 Drivers/STM32F4xx_HAL_Driver/Src/stm32f4xx_hal_gpio.o
 .ARM.attributes
                0x0000013a       0x39 Drivers/STM32F4xx_HAL_Driver/Src/stm32f4xx_hal_rcc.o
 .ARM.attributes
                0x00000173       0x39 Drivers/STM32F4xx_HAL_Driver/Src/stm32f4xx_hal_uart.o
 .ARM.attributes
                0x000001ac       0x39 Src/it.o
 .ARM.attributes
                0x000001e5       0x39 Src/main.o
 .ARM.attributes
                0x0000021e       0x39 Src/msp.o
 .ARM.attributes
                0x00000257       0x39 Src/system_stm32f4xx.o
 .ARM.attributes
                0x00000290       0x21 startup/startup_stm32f407xx.o
 .ARM.attributes
                0x000002b1       0x22 c:/ac6/systemworkbench/plugins/fr.ac6.mcu.externaltools.arm-none.win32_1.17.0.201812190825/tools/compiler/bin/../lib/gcc/arm-none-eabi/7.3.1/thumb/v7e-m/fpv4-sp/hard\libgcc.a(_aeabi_uldivmod.o)
 .ARM.attributes
                0x000002d3       0x34 c:/ac6/systemworkbench/plugins/fr.ac6.mcu.externaltools.arm-none.win32_1.17.0.201812190825/tools/compiler/bin/../lib/gcc/arm-none-eabi/7.3.1/thumb/v7e-m/fpv4-sp/hard\libgcc.a(_udivmoddi4.o)
 .ARM.attributes
                0x00000307       0x22 c:/ac6/systemworkbench/plugins/fr.ac6.mcu.externaltools.arm-none.win32_1.17.0.201812190825/tools/compiler/bin/../lib/gcc/arm-none-eabi/7.3.1/thumb/v7e-m/fpv4-sp/hard\libgcc.a(_dvmd_tls.o)
 .ARM.attributes
                0x00000329       0x34 c:/ac6/systemworkbench/plugins/fr.ac6.mcu.externaltools.arm-none.win32_1.17.0.201812190825/tools/compiler/bin/../lib/gcc/arm-none-eabi/7.3.1/../../../../arm-none-eabi/lib/thumb/v7e-m/fpv4-sp/hard\libc_nano.a(lib_a-init.o)
 .ARM.attributes
                0x0000035d       0x1b c:/ac6/systemworkbench/plugins/fr.ac6.mcu.externaltools.arm-none.win32_1.17.0.201812190825/tools/compiler/bin/../lib/gcc/arm-none-eabi/7.3.1/../../../../arm-none-eabi/lib/thumb/v7e-m/fpv4-sp/hard\libc_nano.a(lib_a-strlen.o)
 .ARM.attributes
                0x00000378       0x22 c:/ac6/systemworkbench/plugins/fr.ac6.mcu.externaltools.arm-none.win32_1.17.0.201812190825/tools/compiler/bin/../lib/gcc/arm-none-eabi/7.3.1/thumb/v7e-m/fpv4-sp/hard/crtn.o
OUTPUT(Can_test.elf elf32-littlearm)

.debug_info     0x00000000     0x8412
 .debug_info    0x00000000      0x9cc Drivers/STM32F4xx_HAL_Driver/Src/stm32f4xx_hal.o
 .debug_info    0x000009cc     0x10f1 Drivers/STM32F4xx_HAL_Driver/Src/stm32f4xx_hal_can.o
 .debug_info    0x00001abd      0xf3a Drivers/STM32F4xx_HAL_Driver/Src/stm32f4xx_hal_cortex.o
 .debug_info    0x000029f7      0x770 Drivers/STM32F4xx_HAL_Driver/Src/stm32f4xx_hal_gpio.o
 .debug_info    0x00003167      0xa39 Drivers/STM32F4xx_HAL_Driver/Src/stm32f4xx_hal_rcc.o
 .debug_info    0x00003ba0     0x1730 Drivers/STM32F4xx_HAL_Driver/Src/stm32f4xx_hal_uart.o
 .debug_info    0x000052d0      0x159 Src/it.o
 .debug_info    0x00005429     0x192c Src/main.o
 .debug_info    0x00006d55     0x1194 Src/msp.o
 .debug_info    0x00007ee9      0x507 Src/system_stm32f4xx.o
 .debug_info    0x000083f0       0x22 startup/startup_stm32f407xx.o

.debug_abbrev   0x00000000     0x14e4
 .debug_abbrev  0x00000000      0x1f1 Drivers/STM32F4xx_HAL_Driver/Src/stm32f4xx_hal.o
 .debug_abbrev  0x000001f1      0x261 Drivers/STM32F4xx_HAL_Driver/Src/stm32f4xx_hal_can.o
 .debug_abbrev  0x00000452      0x328 Drivers/STM32F4xx_HAL_Driver/Src/stm32f4xx_hal_cortex.o
 .debug_abbrev  0x0000077a      0x1e7 Drivers/STM32F4xx_HAL_Driver/Src/stm32f4xx_hal_gpio.o
 .debug_abbrev  0x00000961      0x273 Drivers/STM32F4xx_HAL_Driver/Src/stm32f4xx_hal_rcc.o
 .debug_abbrev  0x00000bd4      0x270 Drivers/STM32F4xx_HAL_Driver/Src/stm32f4xx_hal_uart.o
 .debug_abbrev  0x00000e44       0xc3 Src/it.o
 .debug_abbrev  0x00000f07      0x2d5 Src/main.o
 .debug_abbrev  0x000011dc      0x1e5 Src/msp.o
 .debug_abbrev  0x000013c1      0x111 Src/system_stm32f4xx.o
 .debug_abbrev  0x000014d2       0x12 startup/startup_stm32f407xx.o

.debug_loc      0x00000000     0x3321
 .debug_loc     0x00000000       0xfd Drivers/STM32F4xx_HAL_Driver/Src/stm32f4xx_hal.o
 .debug_loc     0x000000fd      0xc47 Drivers/STM32F4xx_HAL_Driver/Src/stm32f4xx_hal_can.o
 .debug_loc     0x00000d44      0x5ce Drivers/STM32F4xx_HAL_Driver/Src/stm32f4xx_hal_cortex.o
 .debug_loc     0x00001312      0x497 Drivers/STM32F4xx_HAL_Driver/Src/stm32f4xx_hal_gpio.o
 .debug_loc     0x000017a9      0x3f1 Drivers/STM32F4xx_HAL_Driver/Src/stm32f4xx_hal_rcc.o
 .debug_loc     0x00001b9a     0x154f Drivers/STM32F4xx_HAL_Driver/Src/stm32f4xx_hal_uart.o
 .debug_loc     0x000030e9       0xb8 Src/main.o
 .debug_loc     0x000031a1       0x42 Src/msp.o
 .debug_loc     0x000031e3      0x13e Src/system_stm32f4xx.o

.debug_aranges  0x00000000      0x670
 .debug_aranges
                0x00000000       0xf0 Drivers/STM32F4xx_HAL_Driver/Src/stm32f4xx_hal.o
 .debug_aranges
                0x000000f0      0x138 Drivers/STM32F4xx_HAL_Driver/Src/stm32f4xx_hal_can.o
 .debug_aranges
                0x00000228       0xa8 Drivers/STM32F4xx_HAL_Driver/Src/stm32f4xx_hal_cortex.o
 .debug_aranges
                0x000002d0       0x58 Drivers/STM32F4xx_HAL_Driver/Src/stm32f4xx_hal_gpio.o
 .debug_aranges
                0x00000328       0x88 Drivers/STM32F4xx_HAL_Driver/Src/stm32f4xx_hal_rcc.o
 .debug_aranges
                0x000003b0      0x1d0 Drivers/STM32F4xx_HAL_Driver/Src/stm32f4xx_hal_uart.o
 .debug_aranges
                0x00000580       0x20 Src/it.o
 .debug_aranges
                0x000005a0       0x50 Src/main.o
 .debug_aranges
                0x000005f0       0x30 Src/msp.o
 .debug_aranges
                0x00000620       0x28 Src/system_stm32f4xx.o
 .debug_aranges
                0x00000648       0x28 startup/startup_stm32f407xx.o

.debug_ranges   0x00000000      0x640
 .debug_ranges  0x00000000       0xe0 Drivers/STM32F4xx_HAL_Driver/Src/stm32f4xx_hal.o
 .debug_ranges  0x000000e0      0x128 Drivers/STM32F4xx_HAL_Driver/Src/stm32f4xx_hal_can.o
 .debug_ranges  0x00000208       0xf8 Drivers/STM32F4xx_HAL_Driver/Src/stm32f4xx_hal_cortex.o
 .debug_ranges  0x00000300       0x48 Drivers/STM32F4xx_HAL_Driver/Src/stm32f4xx_hal_gpio.o
 .debug_ranges  0x00000348       0x90 Drivers/STM32F4xx_HAL_Driver/Src/stm32f4xx_hal_rcc.o
 .debug_ranges  0x000003d8      0x1c0 Drivers/STM32F4xx_HAL_Driver/Src/stm32f4xx_hal_uart.o
 .debug_ranges  0x00000598       0x10 Src/it.o
 .debug_ranges  0x000005a8       0x40 Src/main.o
 .debug_ranges  0x000005e8       0x20 Src/msp.o
 .debug_ranges  0x00000608       0x18 Src/system_stm32f4xx.o
 .debug_ranges  0x00000620       0x20 startup/startup_stm32f407xx.o

.debug_macro    0x00000000    0x20121
 .debug_macro   0x00000000      0x224 Drivers/STM32F4xx_HAL_Driver/Src/stm32f4xx_hal.o
 .debug_macro   0x00000224      0xa60 Drivers/STM32F4xx_HAL_Driver/Src/stm32f4xx_hal.o
 .debug_macro   0x00000c84      0x18a Drivers/STM32F4xx_HAL_Driver/Src/stm32f4xx_hal.o
 .debug_macro   0x00000e0e       0x32 Drivers/STM32F4xx_HAL_Driver/Src/stm32f4xx_hal.o
 .debug_macro   0x00000e40       0x2f Drivers/STM32F4xx_HAL_Driver/Src/stm32f4xx_hal.o
 .debug_macro   0x00000e6f       0x22 Drivers/STM32F4xx_HAL_Driver/Src/stm32f4xx_hal.o
 .debug_macro   0x00000e91       0x8e Drivers/STM32F4xx_HAL_Driver/Src/stm32f4xx_hal.o
 .debug_macro   0x00000f1f       0x51 Drivers/STM32F4xx_HAL_Driver/Src/stm32f4xx_hal.o
 .debug_macro   0x00000f70       0xef Drivers/STM32F4xx_HAL_Driver/Src/stm32f4xx_hal.o
 .debug_macro   0x0000105f       0x6a Drivers/STM32F4xx_HAL_Driver/Src/stm32f4xx_hal.o
 .debug_macro   0x000010c9      0x1df Drivers/STM32F4xx_HAL_Driver/Src/stm32f4xx_hal.o
 .debug_macro   0x000012a8       0x1c Drivers/STM32F4xx_HAL_Driver/Src/stm32f4xx_hal.o
 .debug_macro   0x000012c4       0x22 Drivers/STM32F4xx_HAL_Driver/Src/stm32f4xx_hal.o
 .debug_macro   0x000012e6       0xdf Drivers/STM32F4xx_HAL_Driver/Src/stm32f4xx_hal.o
 .debug_macro   0x000013c5     0x102d Drivers/STM32F4xx_HAL_Driver/Src/stm32f4xx_hal.o
 .debug_macro   0x000023f2      0x11f Drivers/STM32F4xx_HAL_Driver/Src/stm32f4xx_hal.o
 .debug_macro   0x00002511    0x15e43 Drivers/STM32F4xx_HAL_Driver/Src/stm32f4xx_hal.o
 .debug_macro   0x00018354       0x43 Drivers/STM32F4xx_HAL_Driver/Src/stm32f4xx_hal.o
 .debug_macro   0x00018397     0x35d4 Drivers/STM32F4xx_HAL_Driver/Src/stm32f4xx_hal.o
 .debug_macro   0x0001b96b      0x174 Drivers/STM32F4xx_HAL_Driver/Src/stm32f4xx_hal.o
 .debug_macro   0x0001badf       0x4e Drivers/STM32F4xx_HAL_Driver/Src/stm32f4xx_hal.o
 .debug_macro   0x0001bb2d      0x96b Drivers/STM32F4xx_HAL_Driver/Src/stm32f4xx_hal.o
 .debug_macro   0x0001c498      0x9fe Drivers/STM32F4xx_HAL_Driver/Src/stm32f4xx_hal.o
 .debug_macro   0x0001ce96       0xed Drivers/STM32F4xx_HAL_Driver/Src/stm32f4xx_hal.o
 .debug_macro   0x0001cf83      0x117 Drivers/STM32F4xx_HAL_Driver/Src/stm32f4xx_hal.o
 .debug_macro   0x0001d09a      0x13e Drivers/STM32F4xx_HAL_Driver/Src/stm32f4xx_hal.o
 .debug_macro   0x0001d1d8       0x27 Drivers/STM32F4xx_HAL_Driver/Src/stm32f4xx_hal.o
 .debug_macro   0x0001d1ff      0x287 Drivers/STM32F4xx_HAL_Driver/Src/stm32f4xx_hal.o
 .debug_macro   0x0001d486       0x5f Drivers/STM32F4xx_HAL_Driver/Src/stm32f4xx_hal.o
 .debug_macro   0x0001d4e5      0x236 Drivers/STM32F4xx_HAL_Driver/Src/stm32f4xx_hal.o
 .debug_macro   0x0001d71b      0x40f Drivers/STM32F4xx_HAL_Driver/Src/stm32f4xx_hal.o
 .debug_macro   0x0001db2a      0x12c Drivers/STM32F4xx_HAL_Driver/Src/stm32f4xx_hal.o
 .debug_macro   0x0001dc56      0x21e Drivers/STM32F4xx_HAL_Driver/Src/stm32f4xx_hal.o
 .debug_macro   0x0001de74       0x2e Drivers/STM32F4xx_HAL_Driver/Src/stm32f4xx_hal.o
 .debug_macro   0x0001dea2      0x11a Drivers/STM32F4xx_HAL_Driver/Src/stm32f4xx_hal.o
 .debug_macro   0x0001dfbc       0x7e Drivers/STM32F4xx_HAL_Driver/Src/stm32f4xx_hal.o
 .debug_macro   0x0001e03a       0x89 Drivers/STM32F4xx_HAL_Driver/Src/stm32f4xx_hal.o
 .debug_macro   0x0001e0c3      0x287 Drivers/STM32F4xx_HAL_Driver/Src/stm32f4xx_hal.o
 .debug_macro   0x0001e34a      0x12d Drivers/STM32F4xx_HAL_Driver/Src/stm32f4xx_hal.o
 .debug_macro   0x0001e477      0x1cc Drivers/STM32F4xx_HAL_Driver/Src/stm32f4xx_hal_can.o
 .debug_macro   0x0001e643      0x1c4 Drivers/STM32F4xx_HAL_Driver/Src/stm32f4xx_hal_cortex.o
 .debug_macro   0x0001e807      0x1fa Drivers/STM32F4xx_HAL_Driver/Src/stm32f4xx_hal_gpio.o
 .debug_macro   0x0001ea01      0x1e8 Drivers/STM32F4xx_HAL_Driver/Src/stm32f4xx_hal_rcc.o
 .debug_macro   0x0001ebe9      0x1c5 Drivers/STM32F4xx_HAL_Driver/Src/stm32f4xx_hal_uart.o
 .debug_macro   0x0001edae      0x1c4 Src/it.o
 .debug_macro   0x0001ef72      0x354 Src/main.o
 .debug_macro   0x0001f2c6       0x5e Src/main.o
 .debug_macro   0x0001f324       0x18 Src/main.o
 .debug_macro   0x0001f33c       0x35 Src/main.o
 .debug_macro   0x0001f371       0x34 Src/main.o
 .debug_macro   0x0001f3a5       0x16 Src/main.o
 .debug_macro   0x0001f3bb       0x35 Src/main.o
 .debug_macro   0x0001f3f0      0x32a Src/main.o
 .debug_macro   0x0001f71a       0x10 Src/main.o
 .debug_macro   0x0001f72a       0x58 Src/main.o
 .debug_macro   0x0001f782       0x1f Src/main.o
 .debug_macro   0x0001f7a1       0x43 Src/main.o
 .debug_macro   0x0001f7e4       0x20 Src/main.o
 .debug_macro   0x0001f804      0x18e Src/main.o
 .debug_macro   0x0001f992       0x10 Src/main.o
 .debug_macro   0x0001f9a2       0x1c Src/main.o
 .debug_macro   0x0001f9be       0x52 Src/main.o
 .debug_macro   0x0001fa10       0x40 Src/main.o
 .debug_macro   0x0001fa50       0x10 Src/main.o
 .debug_macro   0x0001fa60       0x40 Src/main.o
 .debug_macro   0x0001faa0       0xd7 Src/main.o
 .debug_macro   0x0001fb77       0x1c Src/main.o
 .debug_macro   0x0001fb93       0x3d Src/main.o
 .debug_macro   0x0001fbd0       0x16 Src/main.o
 .debug_macro   0x0001fbe6      0x16f Src/main.o
 .debug_macro   0x0001fd55       0x28 Src/main.o
 .debug_macro   0x0001fd7d       0x16 Src/main.o
 .debug_macro   0x0001fd93      0x1c4 Src/msp.o
 .debug_macro   0x0001ff57      0x1ca Src/system_stm32f4xx.o

.debug_line     0x00000000     0x5c6b
 .debug_line    0x00000000      0x8b7 Drivers/STM32F4xx_HAL_Driver/Src/stm32f4xx_hal.o
 .debug_line    0x000008b7      0xba5 Drivers/STM32F4xx_HAL_Driver/Src/stm32f4xx_hal_can.o
 .debug_line    0x0000145c      0x90d Drivers/STM32F4xx_HAL_Driver/Src/stm32f4xx_hal_cortex.o
 .debug_line    0x00001d69      0x843 Drivers/STM32F4xx_HAL_Driver/Src/stm32f4xx_hal_gpio.o
 .debug_line    0x000025ac      0x92f Drivers/STM32F4xx_HAL_Driver/Src/stm32f4xx_hal_rcc.o
 .debug_line    0x00002edb      0xff9 Drivers/STM32F4xx_HAL_Driver/Src/stm32f4xx_hal_uart.o
 .debug_line    0x00003ed4      0x69c Src/it.o
 .debug_line    0x00004570      0x8c9 Src/main.o
 .debug_line    0x00004e39      0x6d4 Src/msp.o
 .debug_line    0x0000550d      0x6df Src/system_stm32f4xx.o
 .debug_line    0x00005bec       0x7f startup/startup_stm32f407xx.o

.debug_str      0x00000000    0xc36c4
 .debug_str     0x00000000    0xbdcb1 Drivers/STM32F4xx_HAL_Driver/Src/stm32f4xx_hal.o
                              0xbe038 (size before relaxing)
 .debug_str     0x000bdcb1      0x7bd Drivers/STM32F4xx_HAL_Driver/Src/stm32f4xx_hal_can.o
                              0xbdbb5 (size before relaxing)
 .debug_str     0x000be46e      0x3a8 Drivers/STM32F4xx_HAL_Driver/Src/stm32f4xx_hal_cortex.o
                              0xbdd6e (size before relaxing)
 .debug_str     0x000be816      0x292 Drivers/STM32F4xx_HAL_Driver/Src/stm32f4xx_hal_gpio.o
                              0xbd6f1 (size before relaxing)
 .debug_str     0x000beaa8      0x384 Drivers/STM32F4xx_HAL_Driver/Src/stm32f4xx_hal_rcc.o
                              0xbd8bb (size before relaxing)
 .debug_str     0x000bee2c      0x933 Drivers/STM32F4xx_HAL_Driver/Src/stm32f4xx_hal_uart.o
                              0xbdd5c (size before relaxing)
 .debug_str     0x000bf75f       0x1c Src/it.o
                              0xbd331 (size before relaxing)
 .debug_str     0x000bf77b     0x3ea9 Src/main.o
                              0xc1bc4 (size before relaxing)
 .debug_str     0x000c3624       0x17 Src/msp.o
                              0xbe081 (size before relaxing)
 .debug_str     0x000c363b       0x5a Src/system_stm32f4xx.o
                              0xbd4ad (size before relaxing)
 .debug_str     0x000c3695       0x2f startup/startup_stm32f407xx.o
                                 0x63 (size before relaxing)

.comment        0x00000000       0x7f
 .comment       0x00000000       0x7f Drivers/STM32F4xx_HAL_Driver/Src/stm32f4xx_hal.o
                                 0x80 (size before relaxing)
 .comment       0x0000007f       0x80 Drivers/STM32F4xx_HAL_Driver/Src/stm32f4xx_hal_can.o
 .comment       0x0000007f       0x80 Drivers/STM32F4xx_HAL_Driver/Src/stm32f4xx_hal_cortex.o
 .comment       0x0000007f       0x80 Drivers/STM32F4xx_HAL_Driver/Src/stm32f4xx_hal_gpio.o
 .comment       0x0000007f       0x80 Drivers/STM32F4xx_HAL_Driver/Src/stm32f4xx_hal_rcc.o
 .comment       0x0000007f       0x80 Drivers/STM32F4xx_HAL_Driver/Src/stm32f4xx_hal_uart.o
 .comment       0x0000007f       0x80 Src/it.o
 .comment       0x0000007f       0x80 Src/main.o
 .comment       0x0000007f       0x80 Src/msp.o
 .comment       0x0000007f       0x80 Src/system_stm32f4xx.o

.debug_frame    0x00000000      0xf8c
 .debug_frame   0x00000000      0x1ec Drivers/STM32F4xx_HAL_Driver/Src/stm32f4xx_hal.o
 .debug_frame   0x000001ec      0x2e4 Drivers/STM32F4xx_HAL_Driver/Src/stm32f4xx_hal_can.o
 .debug_frame   0x000004d0      0x15c Drivers/STM32F4xx_HAL_Driver/Src/stm32f4xx_hal_cortex.o
 .debug_frame   0x0000062c       0xd8 Drivers/STM32F4xx_HAL_Driver/Src/stm32f4xx_hal_gpio.o
 .debug_frame   0x00000704      0x184 Drivers/STM32F4xx_HAL_Driver/Src/stm32f4xx_hal_rcc.o
 .debug_frame   0x00000888      0x4f0 Drivers/STM32F4xx_HAL_Driver/Src/stm32f4xx_hal_uart.o
 .debug_frame   0x00000d78       0x28 Src/it.o
 .debug_frame   0x00000da0       0xcc Src/main.o
 .debug_frame   0x00000e6c       0x64 Src/msp.o
 .debug_frame   0x00000ed0       0x30 Src/system_stm32f4xx.o
 .debug_frame   0x00000f00       0x2c c:/ac6/systemworkbench/plugins/fr.ac6.mcu.externaltools.arm-none.win32_1.17.0.201812190825/tools/compiler/bin/../lib/gcc/arm-none-eabi/7.3.1/thumb/v7e-m/fpv4-sp/hard\libgcc.a(_aeabi_uldivmod.o)
 .debug_frame   0x00000f2c       0x34 c:/ac6/systemworkbench/plugins/fr.ac6.mcu.externaltools.arm-none.win32_1.17.0.201812190825/tools/compiler/bin/../lib/gcc/arm-none-eabi/7.3.1/thumb/v7e-m/fpv4-sp/hard\libgcc.a(_udivmoddi4.o)
 .debug_frame   0x00000f60       0x2c c:/ac6/systemworkbench/plugins/fr.ac6.mcu.externaltools.arm-none.win32_1.17.0.201812190825/tools/compiler/bin/../lib/gcc/arm-none-eabi/7.3.1/../../../../arm-none-eabi/lib/thumb/v7e-m/fpv4-sp/hard\libc_nano.a(lib_a-init.o)
