20:49:13 **** Incremental Build of configuration Debug for project PLL_SYSCLK ****
make all 
Building file: ../Src/main.c
Invoking: MCU GCC Compiler
D:\MCU2\MyWorkspace\PLL_SYSCLK\Debug
arm-none-eabi-gcc -mcpu=cortex-m4 -mthumb -mfloat-abi=hard -mfpu=fpv4-sp-d16 '-D__weak=__attribute__((weak))' '-D__packed=__attribute__((__packed__))' -DUSE_HAL_DRIVER -DSTM32F407xx -I"D:/MCU2/MyWorkspace/PLL_SYSCLK/Inc" -I"D:/MCU2/MyWorkspace/PLL_SYSCLK/Drivers/STM32F4xx_HAL_Driver/Inc" -I"D:/MCU2/MyWorkspace/PLL_SYSCLK/Drivers/STM32F4xx_HAL_Driver/Inc/Legacy" -I"D:/MCU2/MyWorkspace/PLL_SYSCLK/Drivers/CMSIS/Device/ST/STM32F4xx/Include" -I"D:/MCU2/MyWorkspace/PLL_SYSCLK/Drivers/CMSIS/Include"  -Og -g3 -Wall -fmessage-length=0 -ffunction-sections -c -fmessage-length=0 -MMD -MP -MF"Src/main.d" -MT"Src/main.o" -o "Src/main.o" "../Src/main.c"
Finished building: ../Src/main.c
 
Building target: PLL_SYSCLK.elf
Invoking: MCU GCC Linker
arm-none-eabi-gcc -mcpu=cortex-m4 -mthumb -mfloat-abi=hard -mfpu=fpv4-sp-d16 -specs=nosys.specs -specs=nano.specs -T"../STM32F407VGTx_FLASH.ld" -Wl,-Map=output.map -Wl,--gc-sections -o "PLL_SYSCLK.elf" @"objects.list"   -lm
Finished building target: PLL_SYSCLK.elf
 
make --no-print-directory post-build
Generating hex and Printing size information:
arm-none-eabi-objcopy -O ihex "PLL_SYSCLK.elf" "PLL_SYSCLK.hex"
arm-none-eabi-size "PLL_SYSCLK.elf"
   text	   data	    bss	    dec	    hex	filename
   8204	    120	   1648	   9972	   26f4	PLL_SYSCLK.elf
 
20:49:47 **** Programming project PLL_SYSCLK on chip ****
"C:\\Ac6\\SystemWorkbench\\plugins\\fr.ac6.mcu.externaltools.openocd.win32_1.22.0.201902141520\\tools\\openocd\\bin\\openocd.exe" -f stm32.flash.5268052444092768915.cfg -s "D:\\MCU2\\MyWorkspace\\PLL_SYSCLK" -s "C:\\Ac6\\SystemWorkbench\\plugins\\fr.ac6.mcu.debug_2.4.0.201902141520\\resources\\openocd\\st_scripts" -c "program Debug/PLL_SYSCLK.elf verify reset exit" 
Open On-Chip Debugger 0.10.0-dev-00019-g5352c55 (2019-02-14-15:45)
Licensed under GNU GPL v2
For bug reports, read
	http://openocd.org/doc/doxygen/bugs.html
srst_only separate srst_nogate srst_open_drain connect_assert_srst
Info : The selected transport took over low-level target control. The results might differ compared to plain JTAG/SWD
adapter speed: 8000 kHz
adapter_nsrst_delay: 100
Info : clock speed 8000 kHz
Info : STLINK v2.1 JTAG v31 API v2 M21 VID 0x0483 PID 0x374B
Info : using stlink api v2
Info : Target voltage: 2.900414
Info : Unable to match requested speed 8000 kHz, using 4000 kHz
Info : Stlink adapter speed set to 4000 kHz
Info : STM32F407VGTx.cpu: hardware has 6 breakpoints, 4 watchpoints
target halted due to debug-request, current mode: Thread 
xPSR: 0x01000000 pc: 0x08001664 msp: 0x20020000
configuring PLL
** Programming Started **
auto erase enabled
Info : device id = 0x100f6413
Info : flash size = 1024kbytes
target halted due to breakpoint, current mode: Thread 
xPSR: 0x61000000 pc: 0x20000046 msp: 0x20020000
wrote 16384 bytes from file Debug/PLL_SYSCLK.elf in 0.636685s (25.130 KiB/s)
** Programming Finished **
** Verify Started **
target halted due to breakpoint, current mode: Thread 
xPSR: 0x61000000 pc: 0x2000002e msp: 0x20020000
target halted due to breakpoint, current mode: Thread 
xPSR: 0x61000000 pc: 0x2000002e msp: 0x20020000
verified 8332 bytes in 0.173448s (46.912 KiB/s)
** Verified OK **
** Resetting Target **
shutdown command invoked
