


ARM Macro Assembler    Page 1 


    1 00000000         
    2 00000000         
    3 00000000         
    4 00000000                 AREA             contextSave, CODE, READONLY
    5 00000000                 ENTRY
    6 00000000                 EXPORT           __main
    7 00000000         
    8 00000000         __main
    9 00000000 4C03            LDR              R4,=0xBABEFACE
   10 00000002 4D04            LDR              R5,=0xDEADBEEF
   11 00000004 4E04            LDR              R6,=0xC0DEF0DE
   12 00000006 4F05            LDR              R7,=0xFADEFEED
   13 00000008         
   14 00000008         
   15 00000008 B5F0            STMDB            SP!,{R4-R7,LR}
   16 0000000A BDF0            LDMIA            SP!,{R4-R7,PC}
   17 0000000C         
   18 0000000C E7FE    STOP    B                STOP
   19 0000000E 00 00           ALIGN
   20 00000010                 END
              BABEFACE 
              DEADBEEF 
              C0DEF0DE 
              FADEFEED 
Command Line: --debug --xref --diag_suppress=9931 --cpu=Cortex-M4.fp --apcs=int
erwork --depend=.\objects\main.d -o.\objects\main.o -I.\RTE\_cortex-m4 -IC:\Kei
l_v5\ARM\PACK\ARM\CMSIS\5.4.0\CMSIS\Core\Include -IC:\Keil_v5\ARM\PACK\Keil\STM
32F4xx_DFP\2.13.0\Drivers\CMSIS\Device\ST\STM32F4xx\Include --predefine="__EVAL
 SETA 1" --predefine="__MICROLIB SETA 1" --predefine="__UVISION_VERSION SETA 52
5" --predefine="_RTE_ SETA 1" --predefine="STM32F407xx SETA 1" --list=.\listing
s\main.lst main.s



ARM Macro Assembler    Page 1 Alphabetic symbol ordering
Relocatable symbols

STOP 0000000C

Symbol: STOP
   Definitions
      At line 18 in file main.s
   Uses
      At line 18 in file main.s
Comment: STOP used once
__main 00000000

Symbol: __main
   Definitions
      At line 8 in file main.s
   Uses
      At line 6 in file main.s
Comment: __main used once
contextSave 00000000

Symbol: contextSave
   Definitions
      At line 4 in file main.s
   Uses
      None
Comment: contextSave unused
3 symbols
341 symbols in table
