18:40:10 **** Incremental Build of configuration Debug for project general_purpose_timer_IC ****
make all 
Building file: ../Src/main.c
Invoking: MCU GCC Compiler
D:\My Online Courses\MCU2\general_purpose_timer_IC\Debug
arm-none-eabi-gcc -mcpu=cortex-m4 -mthumb -mfloat-abi=hard -mfpu=fpv4-sp-d16 '-D__weak=__attribute__((weak))' '-D__packed=__attribute__((__packed__))' -DUSE_HAL_DRIVER -DSTM32F407xx -I"D:/My Online Courses/MCU2/general_purpose_timer_IC/Inc" -I"D:/My Online Courses/MCU2/general_purpose_timer_IC/Drivers/STM32F4xx_HAL_Driver/Inc" -I"D:/My Online Courses/MCU2/general_purpose_timer_IC/Drivers/STM32F4xx_HAL_Driver/Inc/Legacy" -I"D:/My Online Courses/MCU2/general_purpose_timer_IC/Drivers/CMSIS/Device/ST/STM32F4xx/Include" -I"D:/My Online Courses/MCU2/general_purpose_timer_IC/Drivers/CMSIS/Include"  -Og -g3 -Wall -fmessage-length=0 -ffunction-sections -c -fmessage-length=0 -MMD -MP -MF"Src/main.d" -MT"Src/main.o" -o "Src/main.o" "../Src/main.c"
../Src/main.c: In function 'main':
../Src/main.c:55:3: warning: implicit declaration of function 'sprintf' [-Wimplicit-function-declaration]
   sprintf(user_msg,"Frequency of the signal applied = %lf\r\n",user_signal_timer_period);
   ^~~~~~~
../Src/main.c:55:3: warning: incompatible implicit declaration of built-in function 'sprintf'
../Src/main.c:55:3: note: include '<stdio.h>' or provide a declaration of 'sprintf'
Finished building: ../Src/main.c
 
Building target: general_purpose_timer_IC.elf
Invoking: MCU GCC Linker
arm-none-eabi-gcc -mcpu=cortex-m4 -mthumb -mfloat-abi=hard -mfpu=fpv4-sp-d16 -specs=nosys.specs -specs=nano.specs -u_printf_float -T"../STM32F407VGTx_FLASH.ld" -Wl,-Map=output.map -Wl,--gc-sections -o "general_purpose_timer_IC.elf" @"objects.list"   -lm
Finished building target: general_purpose_timer_IC.elf
 
make --no-print-directory post-build
Generating hex and Printing size information:
arm-none-eabi-objcopy -O ihex "general_purpose_timer_IC.elf" "general_purpose_timer_IC.hex"
arm-none-eabi-size "general_purpose_timer_IC.elf"
   text	   data	    bss	    dec	    hex	filename
  17656	    488	   1816	  19960	   4df8	general_purpose_timer_IC.elf
 

18:40:14 Build Finished (took 4s.281ms)

