15:51:04 **** Incremental Build of configuration Debug for project BKP_SRAM ****
make all 
Building file: ../Src/main.c
Invoking: MCU GCC Compiler
D:\My Online Courses\MCU2\BKP_SRAM\Debug
arm-none-eabi-gcc -mcpu=cortex-m4 -mthumb -mfloat-abi=hard -mfpu=fpv4-sp-d16 '-D__weak=__attribute__((weak))' '-D__packed=__attribute__((__packed__))' -DUSE_HAL_DRIVER -DSTM32F407xx -I"D:/My Online Courses/MCU2/BKP_SRAM/Inc" -I"D:/My Online Courses/MCU2/BKP_SRAM/Drivers/STM32F4xx_HAL_Driver/Inc" -I"D:/My Online Courses/MCU2/BKP_SRAM/Drivers/STM32F4xx_HAL_Driver/Inc/Legacy" -I"D:/My Online Courses/MCU2/BKP_SRAM/Drivers/CMSIS/Device/ST/STM32F4xx/Include" -I"D:/My Online Courses/MCU2/BKP_SRAM/Drivers/CMSIS/Include"  -Og -g3 -Wall -fmessage-length=0 -ffunction-sections -c -fmessage-length=0 -MMD -MP -MF"Src/main.d" -MT"Src/main.o" -o "Src/main.o" "../Src/main.c"
Finished building: ../Src/main.c
 
Building target: BKP_SRAM.elf
Invoking: MCU GCC Linker
arm-none-eabi-gcc -mcpu=cortex-m4 -mthumb -mfloat-abi=hard -mfpu=fpv4-sp-d16 -specs=nosys.specs -specs=nano.specs -T"../STM32F407VGTx_FLASH.ld" -Wl,-Map=output.map -Wl,--gc-sections -o "BKP_SRAM.elf" @"objects.list"   -lm
Finished building target: BKP_SRAM.elf
 
make --no-print-directory post-build
Generating hex and Printing size information:
arm-none-eabi-objcopy -O ihex "BKP_SRAM.elf" "BKP_SRAM.hex"
arm-none-eabi-size "BKP_SRAM.elf"
   text	   data	    bss	    dec	    hex	filename
   3040	     52	   1636	   4728	   1278	BKP_SRAM.elf
 
15:51:36 **** Programming project BKP_SRAM on chip ****
"C:\\Ac6\\SystemWorkbench\\plugins\\fr.ac6.mcu.externaltools.openocd.win32_1.23.0.201904120827\\tools\\openocd\\bin\\openocd.exe" -f stm32.flash.6065890429613807934.cfg -s "D:\\My Online Courses\\MCU2\\BKP_SRAM" -s "C:\\Ac6\\SystemWorkbench\\plugins\\fr.ac6.mcu.debug_2.5.0.201904120827\\resources\\openocd\\st_scripts" -c "program Debug/BKP_SRAM.elf verify reset " -c shutdown 
Open On-Chip Debugger 0.10.0+dev-00021-g524e8c8 (2019-04-12-08:48)
Licensed under GNU GPL v2
For bug reports, read
	http://openocd.org/doc/doxygen/bugs.html
srst_only separate srst_nogate srst_open_drain connect_assert_srst
Info : The selected transport took over low-level target control. The results might differ compared to plain JTAG/SWD
adapter speed: 8000 kHz
adapter_nsrst_delay: 100
Info : clock speed 8000 kHz
Info : STLINK v2.1 JTAG v31 API v2 M21 VID 0x0483 PID 0x374B
Info : using stlink api v2
Info : Target voltage: 2.902722
Info : Unable to match requested speed 8000 kHz, using 4000 kHz
Info : Stlink adapter speed set to 4000 kHz
Info : STM32F407VGTx.cpu: hardware has 6 breakpoints, 4 watchpoints
Info : Listening on port 3333 for gdb connections
target halted due to debug-request, current mode: Thread 
xPSR: 0x01000000 pc: 0x08000b18 msp: 0x20020000
configuring PLL
Info : Unable to match requested speed 8000 kHz, using 4000 kHz
Info : Stlink adapter speed set to 4000 kHz
Info : Unable to match requested speed 8000 kHz, using 4000 kHz
adapter speed: 4000 kHz
** Programming Started **
auto erase enabled
Info : device id = 0x100f6413
Info : flash size = 1024kbytes
target halted due to breakpoint, current mode: Thread 
xPSR: 0x61000000 pc: 0x20000046 msp: 0x20020000
wrote 16384 bytes from file Debug/BKP_SRAM.elf in 0.632727s (25.287 KiB/s)
** Programming Finished **
** Verify Started **
target halted due to breakpoint, current mode: Thread 
xPSR: 0x61000000 pc: 0x2000002e msp: 0x20020000
target halted due to breakpoint, current mode: Thread 
xPSR: 0x61000000 pc: 0x2000002e msp: 0x20020000
verified 3092 bytes in 0.138023s (21.877 KiB/s)
** Verified OK **
** Resetting Target **
shutdown command invoked
15:51:44 **** Incremental Build of configuration Debug for project BKP_SRAM ****
make all 
Building file: ../Src/main.c
Invoking: MCU GCC Compiler
D:\My Online Courses\MCU2\BKP_SRAM\Debug
arm-none-eabi-gcc -mcpu=cortex-m4 -mthumb -mfloat-abi=hard -mfpu=fpv4-sp-d16 '-D__weak=__attribute__((weak))' '-D__packed=__attribute__((__packed__))' -DUSE_HAL_DRIVER -DSTM32F407xx -I"D:/My Online Courses/MCU2/BKP_SRAM/Inc" -I"D:/My Online Courses/MCU2/BKP_SRAM/Drivers/STM32F4xx_HAL_Driver/Inc" -I"D:/My Online Courses/MCU2/BKP_SRAM/Drivers/STM32F4xx_HAL_Driver/Inc/Legacy" -I"D:/My Online Courses/MCU2/BKP_SRAM/Drivers/CMSIS/Device/ST/STM32F4xx/Include" -I"D:/My Online Courses/MCU2/BKP_SRAM/Drivers/CMSIS/Include"  -Og -g3 -Wall -fmessage-length=0 -ffunction-sections -c -fmessage-length=0 -MMD -MP -MF"Src/main.d" -MT"Src/main.o" -o "Src/main.o" "../Src/main.c"
Finished building: ../Src/main.c
 
Building target: BKP_SRAM.elf
Invoking: MCU GCC Linker
arm-none-eabi-gcc -mcpu=cortex-m4 -mthumb -mfloat-abi=hard -mfpu=fpv4-sp-d16 -specs=nosys.specs -specs=nano.specs -T"../STM32F407VGTx_FLASH.ld" -Wl,-Map=output.map -Wl,--gc-sections -o "BKP_SRAM.elf" @"objects.list"   -lm
Finished building target: BKP_SRAM.elf
 
make --no-print-directory post-build
Generating hex and Printing size information:
arm-none-eabi-objcopy -O ihex "BKP_SRAM.elf" "BKP_SRAM.hex"
arm-none-eabi-size "BKP_SRAM.elf"
   text	   data	    bss	    dec	    hex	filename
   3040	     52	   1636	   4728	   1278	BKP_SRAM.elf
 
